CREATE EXTENSION test_radixtree;
--
-- All the logic is in the test_radixtree() function. It will throw
-- an error if something fails.
--
SELECT test_radixtree();
NOTICE:  testing radix tree with pattern "all ones"
NOTICE:  testing radix tree with pattern "alternating bits"
NOTICE:  testing radix tree with pattern "clusters of ten"
NOTICE:  testing radix tree with pattern "clusters of hundred"
NOTICE:  testing radix tree with pattern "one-every-64k"
NOTICE:  testing radix tree with pattern "sparse"
NOTICE:  testing radix tree with pattern "single values, distance > 2^32"
NOTICE:  testing radix tree with pattern "clusters, distance > 2^32"
NOTICE:  testing radix tree with pattern "clusters, distance > 2^60"
 test_radixtree 
----------------
 
(1 row)

